2024-05-24 20:18:06,000 - INFO - HTTP Response Code: 200
2024-05-24 20:18:06,001 - INFO - Response Time: 22.025872 seconds
2024-05-24 20:18:06,001 - INFO - ====== WebDriver manager ======
2024-05-24 20:18:08,939 - INFO - Get LATEST chromedriver version for google-chrome
2024-05-24 20:18:09,849 - INFO - Get LATEST chromedriver version for google-chrome
2024-05-24 20:18:10,403 - INFO - There is no [win64] chromedriver "125.0.6422.78" for browser google-chrome "125.0.6422" in cache
2024-05-24 20:18:10,403 - INFO - Get LATEST chromedriver version for google-chrome
2024-05-24 20:18:11,949 - INFO - WebDriver version 125.0.6422.78 selected
2024-05-24 20:18:11,952 - INFO - Modern chrome version https://storage.googleapis.com/chrome-for-testing-public/125.0.6422.78/win32/chromedriver-win32.zip
2024-05-24 20:18:12,005 - INFO - About to download new driver from https://storage.googleapis.com/chrome-for-testing-public/125.0.6422.78/win32/chromedriver-win32.zip
2024-05-24 20:18:12,861 - INFO - Driver downloading response is 200
2024-05-24 20:18:18,507 - INFO - Get LATEST chromedriver version for google-chrome
2024-05-24 20:18:18,896 - INFO - Driver has been saved in cache [C:\Users\krant\.wdm\drivers\chromedriver\win64\125.0.6422.78]
2024-05-24 20:18:26,564 - INFO - Page Load Time: 0.03001093864440918 seconds
2024-05-24 20:20:06,218 - INFO - HTTP Response Code: 200
2024-05-24 20:20:06,218 - INFO - Response Time: 22.394541 seconds
2024-05-24 20:20:06,219 - INFO - ====== WebDriver manager ======
2024-05-24 20:20:08,051 - INFO - Get LATEST chromedriver version for google-chrome
2024-05-24 20:20:08,582 - INFO - Get LATEST chromedriver version for google-chrome
2024-05-24 20:20:09,190 - INFO - Driver [C:\Users\krant\.wdm\drivers\chromedriver\win64\125.0.6422.78\chromedriver-win32/chromedriver.exe] found in cache
2024-05-24 20:20:14,917 - INFO - Page Load Time: 3.034226417541504 seconds
2024-05-24 20:22:52,621 - INFO - HTTP Response Code: 200
2024-05-24 20:22:52,622 - INFO - Response Time: 21.905381 seconds
2024-05-24 20:22:52,622 - INFO - ====== WebDriver manager ======
2024-05-24 20:22:55,005 - INFO - Get LATEST chromedriver version for google-chrome
2024-05-24 20:22:55,591 - INFO - Get LATEST chromedriver version for google-chrome
2024-05-24 20:22:56,108 - INFO - Driver [C:\Users\krant\.wdm\drivers\chromedriver\win64\125.0.6422.78\chromedriver-win32/chromedriver.exe] found in cache
2024-05-24 20:23:01,921 - INFO - Page Load Time: 0.02000880241394043 seconds
2024-05-24 20:29:57,175 - INFO - HTTP Response Code: 200
2024-05-24 20:29:57,175 - INFO - Response Time: 22.209154 seconds
2024-05-24 20:29:57,175 - INFO - ====== WebDriver manager ======
2024-05-24 20:29:58,739 - INFO - Get LATEST chromedriver version for google-chrome
2024-05-24 20:29:59,426 - INFO - Get LATEST chromedriver version for google-chrome
2024-05-24 20:29:59,908 - INFO - Driver [C:\Users\krant\.wdm\drivers\chromedriver\win64\125.0.6422.78\chromedriver-win32/chromedriver.exe] found in cache
2024-05-24 20:30:05,793 - INFO - Page Load Time: 0.014998912811279297 seconds
2024-05-24 20:33:38,565 - INFO - HTTP Response Code: 200
2024-05-24 20:33:38,565 - INFO - Response Time: 21.887989 seconds
2024-05-24 20:33:38,566 - INFO - ====== WebDriver manager ======
2024-05-24 20:33:40,077 - INFO - Get LATEST chromedriver version for google-chrome
2024-05-24 20:33:40,714 - INFO - Get LATEST chromedriver version for google-chrome
2024-05-24 20:33:41,330 - INFO - Driver [C:\Users\krant\.wdm\drivers\chromedriver\win64\125.0.6422.78\chromedriver-win32/chromedriver.exe] found in cache
2024-05-24 20:33:47,727 - INFO - Page Load Time: 0.027802705764770508 seconds
2024-05-25 06:49:50,007 - INFO - HTTP Response Code: 200
2024-05-25 06:49:50,008 - INFO - Response Time: 22.622919 seconds
2024-05-25 06:49:50,009 - INFO - ====== WebDriver manager ======
2024-05-25 06:49:52,010 - INFO - Get LATEST chromedriver version for google-chrome
2024-05-25 06:49:52,557 - INFO - Get LATEST chromedriver version for google-chrome
2024-05-25 06:49:52,963 - INFO - Get LATEST chromedriver version for google-chrome
2024-05-25 06:49:53,737 - INFO - WebDriver version 125.0.6422.78 selected
2024-05-25 06:49:53,739 - INFO - Modern chrome version https://storage.googleapis.com/chrome-for-testing-public/125.0.6422.78/win32/chromedriver-win32.zip
2024-05-25 06:49:53,739 - INFO - About to download new driver from https://storage.googleapis.com/chrome-for-testing-public/125.0.6422.78/win32/chromedriver-win32.zip
2024-05-25 06:49:54,236 - INFO - Driver downloading response is 200
2024-05-25 06:49:56,910 - INFO - Get LATEST chromedriver version for google-chrome
2024-05-25 06:49:57,330 - INFO - Driver has been saved in cache [C:\Users\krant\.wdm\drivers\chromedriver\win64\125.0.6422.78]
2024-05-25 06:50:04,346 - INFO - Page Load Time: 0.014000177383422852 seconds
2024-05-25 06:56:12,453 - INFO - HTTP Response Code: 200
2024-05-25 06:56:12,454 - INFO - Response Time: 21.917044 seconds
2024-05-25 06:56:12,454 - INFO - ====== WebDriver manager ======
2024-05-25 06:56:14,096 - INFO - Get LATEST chromedriver version for google-chrome
2024-05-25 06:56:14,588 - INFO - Get LATEST chromedriver version for google-chrome
2024-05-25 06:56:14,910 - INFO - Driver [C:\Users\krant\.wdm\drivers\chromedriver\win64\125.0.6422.78\chromedriver-win32/chromedriver.exe] found in cache
2024-05-25 06:56:20,414 - INFO - Page Load Time: 0.02602672576904297 seconds
2024-05-25 06:56:50,749 - ERROR - Login button not found
Traceback (most recent call last):
  File "C:\Users\krant\PycharmProjects\seliniumProject\sample.py", line 53, in <module>
    login_button = WebDriverWait(driver, 30).until(
                   ^^^^^^^^^^^^^^^^^^^^^^^^^^^^^^^^
  File "C:\Users\krant\PycharmProjects\seliniumProject\.venv\Lib\site-packages\selenium\webdriver\support\wait.py", line 105, in until
    raise TimeoutException(message, screen, stacktrace)
selenium.common.exceptions.TimeoutException: Message: 
Stacktrace:
	GetHandleVerifier [0x00B4B793+45827]
	(No symbol) [0x00ADDB74]
	(No symbol) [0x009D150F]
	(No symbol) [0x00A120BC]
	(No symbol) [0x00A1216B]
	(No symbol) [0x00A4E0F2]
	(No symbol) [0x00A32E44]
	(No symbol) [0x00A4C034]
	(No symbol) [0x00A32B96]
	(No symbol) [0x00A06998]
	(No symbol) [0x00A0751D]
	GetHandleVerifier [0x00E043C3+2899763]
	GetHandleVerifier [0x00E577ED+3240797]
	GetHandleVerifier [0x00BD1264+593364]
	GetHandleVerifier [0x00BD818C+621820]
	(No symbol) [0x00AE6F54]
	(No symbol) [0x00AE3658]
	(No symbol) [0x00AE37F7]
	(No symbol) [0x00AD58AE]
	BaseThreadInitThunk [0x75C27BA9+25]
	RtlInitializeExceptionChain [0x77DFB7DB+107]
	RtlClearBits [0x77DFB75F+191]

2024-05-25 06:56:58,118 - WARNING - Retrying (Retry(total=2, connect=None, read=None, redirect=None, status=None)) after connection broken by 'NewConnectionError('<urllib3.connection.HTTPConnection object at 0x000002B07B7142D0>: Failed to establish a new connection: [WinError 10061] No connection could be made because the target machine actively refused it')': /session/f4115febedee87b4ef5ddbbc0a400e8c
2024-05-25 06:57:02,210 - WARNING - Retrying (Retry(total=1, connect=None, read=None, redirect=None, status=None)) after connection broken by 'NewConnectionError('<urllib3.connection.HTTPConnection object at 0x000002B07B714810>: Failed to establish a new connection: [WinError 10061] No connection could be made because the target machine actively refused it')': /session/f4115febedee87b4ef5ddbbc0a400e8c
2024-05-25 06:57:06,308 - WARNING - Retrying (Retry(total=0, connect=None, read=None, redirect=None, status=None)) after connection broken by 'NewConnectionError('<urllib3.connection.HTTPConnection object at 0x000002B07B714E10>: Failed to establish a new connection: [WinError 10061] No connection could be made because the target machine actively refused it')': /session/f4115febedee87b4ef5ddbbc0a400e8c
2024-05-25 07:05:26,609 - INFO - HTTP Response Code: 200
2024-05-25 07:05:26,610 - INFO - Response Time: 22.494408 seconds
2024-05-25 07:05:26,610 - INFO - ====== WebDriver manager ======
2024-05-25 07:05:28,721 - INFO - Get LATEST chromedriver version for google-chrome
2024-05-25 07:05:29,101 - INFO - Get LATEST chromedriver version for google-chrome
2024-05-25 07:05:29,414 - INFO - Driver [C:\Users\krant\.wdm\drivers\chromedriver\win64\125.0.6422.78\chromedriver-win32/chromedriver.exe] found in cache
2024-05-25 07:05:35,846 - INFO - Page Load Time: 0.028120756149291992 seconds
2024-05-25 07:11:55,869 - INFO - HTTP Response Code: 200
2024-05-25 07:11:55,870 - INFO - Response Time: 21.881976 seconds
2024-05-25 07:11:55,870 - INFO - ====== WebDriver manager ======
2024-05-25 07:11:57,910 - INFO - Get LATEST chromedriver version for google-chrome
2024-05-25 07:11:58,224 - INFO - Get LATEST chromedriver version for google-chrome
2024-05-25 07:11:58,534 - INFO - Driver [C:\Users\krant\.wdm\drivers\chromedriver\win64\125.0.6422.78\chromedriver-win32/chromedriver.exe] found in cache
2024-05-25 07:12:04,723 - INFO - Page Load Time: 0.015934228897094727 seconds
2024-05-25 07:16:24,160 - INFO - HTTP Response Code: 200
2024-05-25 07:16:24,161 - INFO - Response Time: 21.690617 seconds
2024-05-25 07:16:24,161 - INFO - ====== WebDriver manager ======
2024-05-25 07:16:25,761 - INFO - Get LATEST chromedriver version for google-chrome
2024-05-25 07:16:26,105 - INFO - Get LATEST chromedriver version for google-chrome
2024-05-25 07:16:26,416 - INFO - Driver [C:\Users\krant\.wdm\drivers\chromedriver\win64\125.0.6422.78\chromedriver-win32/chromedriver.exe] found in cache
2024-05-25 07:16:32,209 - INFO - Page Load Time: 3.532785654067993 seconds
2024-05-25 07:19:22,274 - INFO - HTTP Response Code: 200
2024-05-25 07:19:22,274 - INFO - Response Time: 21.876288 seconds
2024-05-25 07:19:22,274 - INFO - ====== WebDriver manager ======
2024-05-25 07:19:24,265 - INFO - Get LATEST chromedriver version for google-chrome
2024-05-25 07:19:24,631 - INFO - Get LATEST chromedriver version for google-chrome
2024-05-25 07:19:24,938 - INFO - Driver [C:\Users\krant\.wdm\drivers\chromedriver\win64\125.0.6422.78\chromedriver-win32/chromedriver.exe] found in cache
2024-05-25 07:19:30,352 - INFO - Page Load Time: 0.029001235961914062 seconds
2024-05-25 08:48:56,729 - INFO - HTTP Response Code: 200
2024-05-25 08:48:56,731 - INFO - Response Time: 22.347382 seconds
2024-05-25 08:48:56,731 - INFO - ====== WebDriver manager ======
2024-05-25 08:48:58,965 - INFO - Get LATEST chromedriver version for google-chrome
2024-05-25 08:48:59,583 - INFO - Get LATEST chromedriver version for google-chrome
2024-05-25 08:49:00,003 - INFO - Driver [C:\Users\krant\.wdm\drivers\chromedriver\win64\125.0.6422.78\chromedriver-win32/chromedriver.exe] found in cache
2024-05-25 08:49:07,169 - INFO - Page Load Time: 0.03429365158081055 seconds
2024-05-25 08:51:04,258 - INFO - HTTP Response Code: 200
2024-05-25 08:51:04,258 - INFO - Response Time: 21.697303 seconds
2024-05-25 08:51:04,259 - INFO - ====== WebDriver manager ======
2024-05-25 08:51:06,287 - INFO - Get LATEST chromedriver version for google-chrome
2024-05-25 08:51:07,329 - INFO - Get LATEST chromedriver version for google-chrome
2024-05-25 08:51:07,696 - INFO - Driver [C:\Users\krant\.wdm\drivers\chromedriver\win64\125.0.6422.78\chromedriver-win32/chromedriver.exe] found in cache
2024-05-25 08:51:13,975 - INFO - Page Load Time: 0.016980648040771484 seconds
2024-05-25 08:54:33,769 - INFO - HTTP Response Code: 200
2024-05-25 08:54:33,770 - INFO - Response Time: 22.016223 seconds
2024-05-25 08:54:33,770 - INFO - ====== WebDriver manager ======
2024-05-25 08:54:35,665 - INFO - Get LATEST chromedriver version for google-chrome
2024-05-25 08:54:36,022 - INFO - Get LATEST chromedriver version for google-chrome
2024-05-25 08:54:36,334 - INFO - Driver [C:\Users\krant\.wdm\drivers\chromedriver\win64\125.0.6422.78\chromedriver-win32/chromedriver.exe] found in cache
2024-05-25 08:54:42,648 - INFO - Page Load Time: 0.03311347961425781 seconds
2024-05-25 08:55:39,061 - INFO - HTTP Response Code: 200
2024-05-25 08:55:39,061 - INFO - Response Time: 21.606606 seconds
2024-05-25 08:55:39,062 - INFO - ====== WebDriver manager ======
2024-05-25 08:55:40,921 - INFO - Get LATEST chromedriver version for google-chrome
2024-05-25 08:55:41,312 - INFO - Get LATEST chromedriver version for google-chrome
2024-05-25 08:55:41,624 - INFO - Driver [C:\Users\krant\.wdm\drivers\chromedriver\win64\125.0.6422.78\chromedriver-win32/chromedriver.exe] found in cache
2024-05-25 08:55:48,115 - INFO - Page Load Time: 0.036009788513183594 seconds
2024-05-25 08:59:52,404 - INFO - HTTP Response Code: 200
2024-05-25 08:59:52,405 - INFO - Response Time: 21.75335 seconds
2024-05-25 08:59:52,406 - INFO - ====== WebDriver manager ======
2024-05-25 08:59:54,434 - INFO - Get LATEST chromedriver version for google-chrome
2024-05-25 08:59:54,755 - INFO - Get LATEST chromedriver version for google-chrome
2024-05-25 08:59:55,168 - INFO - Driver [C:\Users\krant\.wdm\drivers\chromedriver\win64\125.0.6422.78\chromedriver-win32/chromedriver.exe] found in cache
2024-05-25 09:00:02,122 - INFO - Page Load Time: 0.04105544090270996 seconds
2024-05-25 09:02:30,302 - INFO - HTTP Response Code: 200
2024-05-25 09:02:30,303 - INFO - Response Time: 21.783779 seconds
2024-05-25 09:02:30,303 - INFO - ====== WebDriver manager ======
2024-05-25 09:02:32,580 - INFO - Get LATEST chromedriver version for google-chrome
2024-05-25 09:02:32,967 - INFO - Get LATEST chromedriver version for google-chrome
2024-05-25 09:02:33,279 - INFO - Driver [C:\Users\krant\.wdm\drivers\chromedriver\win64\125.0.6422.78\chromedriver-win32/chromedriver.exe] found in cache
2024-05-25 09:02:39,566 - INFO - Page Load Time: 0.0420987606048584 seconds
2024-05-25 09:08:08,429 - INFO - HTTP Response Code: 200
2024-05-25 09:08:08,429 - INFO - Response Time: 22.312729 seconds
2024-05-25 09:08:08,429 - INFO - ====== WebDriver manager ======
2024-05-25 09:08:10,691 - INFO - Get LATEST chromedriver version for google-chrome
2024-05-25 09:08:11,094 - INFO - Get LATEST chromedriver version for google-chrome
2024-05-25 09:08:11,399 - INFO - Driver [C:\Users\krant\.wdm\drivers\chromedriver\win64\125.0.6422.78\chromedriver-win32/chromedriver.exe] found in cache
2024-05-25 09:08:18,480 - INFO - Page Load Time: 0.03412628173828125 seconds
2024-05-25 09:17:56,835 - INFO - HTTP Response Code: 200
2024-05-25 09:17:56,836 - INFO - Response Time: 21.972556 seconds
2024-05-25 09:17:56,836 - INFO - ====== WebDriver manager ======
2024-05-25 09:17:58,829 - INFO - Get LATEST chromedriver version for google-chrome
2024-05-25 09:17:59,190 - INFO - Get LATEST chromedriver version for google-chrome
2024-05-25 09:17:59,501 - INFO - Driver [C:\Users\krant\.wdm\drivers\chromedriver\win64\125.0.6422.78\chromedriver-win32/chromedriver.exe] found in cache
2024-05-25 09:18:05,383 - INFO - Page Load Time: 0.04725170135498047 seconds
2024-05-25 09:20:20,607 - INFO - HTTP Response Code: 200
2024-05-25 09:20:20,608 - INFO - Response Time: 21.732595 seconds
2024-05-25 09:20:20,608 - INFO - ====== WebDriver manager ======
2024-05-25 09:20:22,357 - INFO - Get LATEST chromedriver version for google-chrome
2024-05-25 09:20:22,860 - INFO - Get LATEST chromedriver version for google-chrome
2024-05-25 09:20:23,169 - INFO - Driver [C:\Users\krant\.wdm\drivers\chromedriver\win64\125.0.6422.78\chromedriver-win32/chromedriver.exe] found in cache
2024-05-25 09:20:29,062 - INFO - Page Load Time: 0.02504110336303711 seconds
2024-05-25 09:22:35,879 - INFO - HTTP Response Code: 200
2024-05-25 09:22:35,879 - INFO - Response Time: 21.798379 seconds
2024-05-25 09:22:35,879 - INFO - ====== WebDriver manager ======
2024-05-25 09:22:37,696 - INFO - Get LATEST chromedriver version for google-chrome
2024-05-25 09:22:38,233 - INFO - Get LATEST chromedriver version for google-chrome
2024-05-25 09:22:38,544 - INFO - Driver [C:\Users\krant\.wdm\drivers\chromedriver\win64\125.0.6422.78\chromedriver-win32/chromedriver.exe] found in cache
2024-05-25 09:22:45,094 - INFO - Page Load Time: 0.03802227973937988 seconds
2024-05-25 09:24:17,970 - INFO - HTTP Response Code: 200
2024-05-25 09:24:17,970 - INFO - Response Time: 21.876436 seconds
2024-05-25 09:24:17,971 - INFO - ====== WebDriver manager ======
2024-05-25 09:24:19,947 - INFO - Get LATEST chromedriver version for google-chrome
2024-05-25 09:24:20,325 - INFO - Get LATEST chromedriver version for google-chrome
2024-05-25 09:24:20,638 - INFO - Driver [C:\Users\krant\.wdm\drivers\chromedriver\win64\125.0.6422.78\chromedriver-win32/chromedriver.exe] found in cache
2024-05-25 09:24:27,082 - INFO - Page Load Time: 0.02707839012145996 seconds
2024-05-25 09:25:20,378 - INFO - HTTP Response Code: 200
2024-05-25 09:25:20,378 - INFO - Response Time: 21.726838 seconds
2024-05-25 09:25:20,378 - INFO - ====== WebDriver manager ======
2024-05-25 09:25:22,038 - INFO - Get LATEST chromedriver version for google-chrome
2024-05-25 09:25:22,426 - INFO - Get LATEST chromedriver version for google-chrome
2024-05-25 09:25:22,737 - INFO - Driver [C:\Users\krant\.wdm\drivers\chromedriver\win64\125.0.6422.78\chromedriver-win32/chromedriver.exe] found in cache
2024-05-25 09:25:29,361 - INFO - Page Load Time: 0.043123722076416016 seconds
2024-05-25 09:27:04,418 - INFO - HTTP Response Code: 200
2024-05-25 09:27:04,418 - INFO - Response Time: 21.733619 seconds
2024-05-25 09:27:04,418 - INFO - ====== WebDriver manager ======
2024-05-25 09:27:06,370 - INFO - Get LATEST chromedriver version for google-chrome
2024-05-25 09:27:06,669 - INFO - Get LATEST chromedriver version for google-chrome
2024-05-25 09:27:06,981 - INFO - Driver [C:\Users\krant\.wdm\drivers\chromedriver\win64\125.0.6422.78\chromedriver-win32/chromedriver.exe] found in cache
2024-05-25 09:27:13,781 - INFO - Page Load Time: 0.021961688995361328 seconds
2024-05-25 09:28:43,952 - INFO - HTTP Response Code: 200
2024-05-25 09:28:43,952 - INFO - Response Time: 21.832757 seconds
2024-05-25 09:28:43,952 - INFO - ====== WebDriver manager ======
2024-05-25 09:28:45,473 - INFO - Get LATEST chromedriver version for google-chrome
2024-05-25 09:28:45,795 - INFO - Get LATEST chromedriver version for google-chrome
2024-05-25 09:28:46,205 - INFO - Driver [C:\Users\krant\.wdm\drivers\chromedriver\win64\125.0.6422.78\chromedriver-win32/chromedriver.exe] found in cache
2024-05-25 09:28:52,295 - INFO - Page Load Time: 0.024058818817138672 seconds
2024-05-25 09:31:57,897 - INFO - HTTP Response Code: 200
2024-05-25 09:31:57,897 - INFO - Response Time: 22.372202 seconds
2024-05-25 09:31:57,897 - INFO - ====== WebDriver manager ======
2024-05-25 09:32:00,188 - INFO - Get LATEST chromedriver version for google-chrome
2024-05-25 09:32:00,560 - INFO - Get LATEST chromedriver version for google-chrome
2024-05-25 09:32:00,869 - INFO - Driver [C:\Users\krant\.wdm\drivers\chromedriver\win64\125.0.6422.78\chromedriver-win32/chromedriver.exe] found in cache
2024-05-25 09:32:24,550 - INFO - Page Load Time: 0.036453962326049805 seconds
2024-05-25 09:33:47,815 - INFO - HTTP Response Code: 200
2024-05-25 09:33:47,816 - INFO - Response Time: 21.729466 seconds
2024-05-25 09:33:47,816 - INFO - ====== WebDriver manager ======
2024-05-25 09:33:49,475 - INFO - Get LATEST chromedriver version for google-chrome
2024-05-25 09:33:49,862 - INFO - Get LATEST chromedriver version for google-chrome
2024-05-25 09:33:50,328 - INFO - Driver [C:\Users\krant\.wdm\drivers\chromedriver\win64\125.0.6422.78\chromedriver-win32/chromedriver.exe] found in cache
2024-05-25 09:33:57,031 - INFO - Page Load Time: 0.037671566009521484 seconds
2024-05-25 10:08:35,118 - INFO - HTTP Response Code: 200
2024-05-25 10:08:35,119 - INFO - Response Time: 22.234621 seconds
2024-05-25 10:08:35,119 - INFO - ====== WebDriver manager ======
2024-05-25 10:08:36,900 - INFO - Get LATEST chromedriver version for google-chrome
2024-05-25 10:08:37,514 - INFO - Get LATEST chromedriver version for google-chrome
2024-05-25 10:08:37,868 - INFO - Driver [C:\Users\krant\.wdm\drivers\chromedriver\win64\125.0.6422.78\chromedriver-win32/chromedriver.exe] found in cache
2024-05-25 10:08:45,807 - INFO - Page Load Time: 0.019541263580322266 seconds
2024-05-25 10:11:39,274 - INFO - HTTP Response Code: 200
2024-05-25 10:11:39,274 - INFO - Response Time: 21.76591 seconds
2024-05-25 10:11:39,275 - INFO - ====== WebDriver manager ======
2024-05-25 10:11:40,957 - INFO - Get LATEST chromedriver version for google-chrome
2024-05-25 10:11:41,321 - INFO - Get LATEST chromedriver version for google-chrome
2024-05-25 10:11:41,635 - INFO - Driver [C:\Users\krant\.wdm\drivers\chromedriver\win64\125.0.6422.78\chromedriver-win32/chromedriver.exe] found in cache
2024-05-25 10:11:48,789 - INFO - Page Load Time: 0.008207559585571289 seconds
2024-05-25 10:20:21,084 - INFO - HTTP Response Code: 200
2024-05-25 10:20:21,085 - INFO - Response Time: 21.948046 seconds
2024-05-25 10:20:21,085 - INFO - ====== WebDriver manager ======
2024-05-25 10:20:22,846 - INFO - Get LATEST chromedriver version for google-chrome
2024-05-25 10:20:23,156 - INFO - Get LATEST chromedriver version for google-chrome
2024-05-25 10:20:23,466 - INFO - Driver [C:\Users\krant\.wdm\drivers\chromedriver\win64\125.0.6422.78\chromedriver-win32/chromedriver.exe] found in cache
2024-05-25 10:20:30,814 - INFO - Page Load Time: 4.772664785385132 seconds
2024-05-25 10:21:28,618 - INFO - HTTP Response Code: 200
2024-05-25 10:21:28,619 - INFO - Response Time: 21.821029 seconds
2024-05-25 10:21:28,619 - INFO - ====== WebDriver manager ======
2024-05-25 10:21:30,233 - INFO - Get LATEST chromedriver version for google-chrome
2024-05-25 10:21:30,567 - INFO - Get LATEST chromedriver version for google-chrome
2024-05-25 10:21:30,879 - INFO - Driver [C:\Users\krant\.wdm\drivers\chromedriver\win64\125.0.6422.78\chromedriver-win32/chromedriver.exe] found in cache
2024-05-25 10:21:36,690 - INFO - Page Load Time: 0.015999317169189453 seconds
2024-05-25 10:24:26,695 - INFO - HTTP Response Code: 200
2024-05-25 10:24:26,695 - INFO - Response Time: 21.702091 seconds
2024-05-25 10:24:26,696 - INFO - ====== WebDriver manager ======
2024-05-25 10:24:28,315 - INFO - Get LATEST chromedriver version for google-chrome
2024-05-25 10:24:28,847 - INFO - Get LATEST chromedriver version for google-chrome
2024-05-25 10:24:29,154 - INFO - Driver [C:\Users\krant\.wdm\drivers\chromedriver\win64\125.0.6422.78\chromedriver-win32/chromedriver.exe] found in cache
2024-05-25 10:24:36,153 - INFO - Page Load Time: 0.02706122398376465 seconds
2024-05-25 10:28:39,012 - INFO - HTTP Response Code: 200
2024-05-25 10:28:39,013 - INFO - Response Time: 22.098851 seconds
2024-05-25 10:28:39,013 - INFO - ====== WebDriver manager ======
2024-05-25 10:28:41,336 - INFO - Get LATEST chromedriver version for google-chrome
2024-05-25 10:28:41,673 - INFO - Get LATEST chromedriver version for google-chrome
2024-05-25 10:28:41,984 - INFO - Driver [C:\Users\krant\.wdm\drivers\chromedriver\win64\125.0.6422.78\chromedriver-win32/chromedriver.exe] found in cache
2024-05-25 10:28:48,520 - INFO - Page Load Time: 0.025595903396606445 seconds
2024-05-25 10:29:59,581 - INFO - HTTP Response Code: 200
2024-05-25 10:29:59,581 - INFO - Response Time: 21.765775 seconds
2024-05-25 10:29:59,582 - INFO - ====== WebDriver manager ======
2024-05-25 10:30:01,149 - INFO - Get LATEST chromedriver version for google-chrome
2024-05-25 10:30:01,837 - INFO - Get LATEST chromedriver version for google-chrome
2024-05-25 10:30:02,141 - INFO - Driver [C:\Users\krant\.wdm\drivers\chromedriver\win64\125.0.6422.78\chromedriver-win32/chromedriver.exe] found in cache
2024-05-25 10:30:08,524 - INFO - Page Load Time: 0.03430747985839844 seconds
2024-05-25 11:56:38,448 - INFO - HTTP Response Code: 200
2024-05-25 11:56:38,449 - INFO - Response Time: 22.298346 seconds
2024-05-25 11:56:38,450 - INFO - ====== WebDriver manager ======
2024-05-25 11:56:40,752 - INFO - Get LATEST chromedriver version for google-chrome
2024-05-25 11:56:41,303 - INFO - Get LATEST chromedriver version for google-chrome
2024-05-25 11:56:41,697 - INFO - Driver [C:\Users\krant\.wdm\drivers\chromedriver\win64\125.0.6422.78\chromedriver-win32/chromedriver.exe] found in cache
2024-05-25 11:56:47,565 - INFO - Page Load Time: 0.0314176082611084 seconds
2024-05-25 11:59:15,450 - INFO - HTTP Response Code: 200
2024-05-25 11:59:15,451 - INFO - Response Time: 21.904092 seconds
2024-05-25 11:59:15,451 - INFO - ====== WebDriver manager ======
2024-05-25 11:59:17,193 - INFO - Get LATEST chromedriver version for google-chrome
2024-05-25 11:59:17,603 - INFO - Get LATEST chromedriver version for google-chrome
2024-05-25 11:59:17,913 - INFO - Driver [C:\Users\krant\.wdm\drivers\chromedriver\win64\125.0.6422.78\chromedriver-win32/chromedriver.exe] found in cache
2024-05-25 11:59:23,774 - INFO - Page Load Time: 3.2778539657592773 seconds
2024-05-25 12:11:49,809 - INFO - HTTP Response Code: 200
2024-05-25 12:11:49,811 - INFO - Response Time: 22.284744 seconds
2024-05-25 12:11:49,811 - INFO - ====== WebDriver manager ======
2024-05-25 12:11:51,516 - INFO - Get LATEST chromedriver version for google-chrome
2024-05-25 12:11:51,952 - INFO - Get LATEST chromedriver version for google-chrome
2024-05-25 12:11:52,301 - INFO - Driver [C:\Users\krant\.wdm\drivers\chromedriver\win64\125.0.6422.78\chromedriver-win32/chromedriver.exe] found in cache
2024-05-25 12:11:58,914 - INFO - Page Load Time: 0.0410006046295166 seconds
2024-05-25 12:13:24,049 - INFO - HTTP Response Code: 200
2024-05-25 12:13:24,050 - INFO - Response Time: 21.853831 seconds
2024-05-25 12:13:24,050 - INFO - ====== WebDriver manager ======
2024-05-25 12:13:25,939 - INFO - Get LATEST chromedriver version for google-chrome
2024-05-25 12:13:26,303 - INFO - Get LATEST chromedriver version for google-chrome
2024-05-25 12:13:26,611 - INFO - Driver [C:\Users\krant\.wdm\drivers\chromedriver\win64\125.0.6422.78\chromedriver-win32/chromedriver.exe] found in cache
2024-05-25 12:13:32,898 - INFO - Page Load Time: 0.03387951850891113 seconds
2024-05-25 12:15:18,428 - INFO - HTTP Response Code: 200
2024-05-25 12:15:18,428 - INFO - Response Time: 21.958043 seconds
2024-05-25 12:15:18,429 - INFO - ====== WebDriver manager ======
2024-05-25 12:15:20,220 - INFO - Get LATEST chromedriver version for google-chrome
2024-05-25 12:15:20,889 - INFO - Get LATEST chromedriver version for google-chrome
2024-05-25 12:15:21,199 - INFO - Driver [C:\Users\krant\.wdm\drivers\chromedriver\win64\125.0.6422.78\chromedriver-win32/chromedriver.exe] found in cache
2024-05-25 12:15:29,394 - INFO - Page Load Time: 0.02699875831604004 seconds
2024-05-25 12:20:59,526 - INFO - HTTP Response Code: 200
2024-05-25 12:20:59,526 - INFO - Response Time: 21.769452 seconds
2024-05-25 12:20:59,527 - INFO - ====== WebDriver manager ======
2024-05-25 12:21:01,506 - INFO - Get LATEST chromedriver version for google-chrome
2024-05-25 12:21:01,882 - INFO - Get LATEST chromedriver version for google-chrome
2024-05-25 12:21:02,193 - INFO - Driver [C:\Users\krant\.wdm\drivers\chromedriver\win64\125.0.6422.78\chromedriver-win32/chromedriver.exe] found in cache
2024-05-25 12:21:08,453 - INFO - Page Load Time: 0.0178070068359375 seconds
2024-05-25 12:24:39,895 - INFO - HTTP Response Code: 200
2024-05-25 12:24:39,895 - INFO - Response Time: 21.633071 seconds
2024-05-25 12:24:39,896 - INFO - ====== WebDriver manager ======
2024-05-25 12:24:41,716 - INFO - Get LATEST chromedriver version for google-chrome
2024-05-25 12:24:42,147 - INFO - Get LATEST chromedriver version for google-chrome
2024-05-25 12:24:42,457 - INFO - Driver [C:\Users\krant\.wdm\drivers\chromedriver\win64\125.0.6422.78\chromedriver-win32/chromedriver.exe] found in cache
2024-05-25 12:24:49,288 - INFO - Page Load Time: 0.02917170524597168 seconds
2024-05-25 12:30:23,552 - INFO - HTTP Response Code: 200
2024-05-25 12:30:23,553 - INFO - Response Time: 22.020426 seconds
2024-05-25 12:30:23,553 - INFO - ====== WebDriver manager ======
2024-05-25 12:30:25,554 - INFO - Get LATEST chromedriver version for google-chrome
2024-05-25 12:30:25,907 - INFO - Get LATEST chromedriver version for google-chrome
2024-05-25 12:30:26,268 - INFO - Driver [C:\Users\krant\.wdm\drivers\chromedriver\win64\125.0.6422.78\chromedriver-win32/chromedriver.exe] found in cache
2024-05-25 12:30:32,683 - INFO - Page Load Time: 0.03378152847290039 seconds
2024-05-25 12:33:45,280 - INFO - HTTP Response Code: 200
2024-05-25 12:33:45,280 - INFO - Response Time: 21.940251 seconds
2024-05-25 12:33:45,281 - INFO - ====== WebDriver manager ======
2024-05-25 12:33:46,893 - INFO - Get LATEST chromedriver version for google-chrome
2024-05-25 12:33:47,227 - INFO - Get LATEST chromedriver version for google-chrome
2024-05-25 12:33:47,536 - INFO - Driver [C:\Users\krant\.wdm\drivers\chromedriver\win64\125.0.6422.78\chromedriver-win32/chromedriver.exe] found in cache
2024-05-25 12:33:53,563 - INFO - Page Load Time: 0.01671886444091797 seconds
2024-05-25 12:37:54,834 - INFO - HTTP Response Code: 200
2024-05-25 12:37:54,835 - INFO - Response Time: 21.896585 seconds
2024-05-25 12:37:54,835 - INFO - ====== WebDriver manager ======
2024-05-25 12:37:56,268 - INFO - Get LATEST chromedriver version for google-chrome
2024-05-25 12:37:56,675 - INFO - Get LATEST chromedriver version for google-chrome
2024-05-25 12:37:57,086 - INFO - Driver [C:\Users\krant\.wdm\drivers\chromedriver\win64\125.0.6422.78\chromedriver-win32/chromedriver.exe] found in cache
2024-05-25 12:38:04,130 - INFO - Page Load Time: 0.01911187171936035 seconds
2024-05-25 13:54:52,517 - INFO - HTTP Response Code: 200
2024-05-25 13:54:52,518 - INFO - Response Time: 21.97716 seconds
2024-05-25 13:54:52,519 - INFO - ====== WebDriver manager ======
2024-05-25 13:54:54,210 - INFO - Get LATEST chromedriver version for google-chrome
2024-05-25 13:54:54,708 - INFO - Get LATEST chromedriver version for google-chrome
2024-05-25 13:54:55,078 - INFO - Driver [C:\Users\krant\.wdm\drivers\chromedriver\win64\125.0.6422.78\chromedriver-win32/chromedriver.exe] found in cache
2024-05-25 13:55:01,386 - INFO - Page Load Time: 0.05840587615966797 seconds
2024-05-25 14:00:22,801 - INFO - HTTP Response Code: 200
2024-05-25 14:00:22,801 - INFO - Response Time: 21.95757 seconds
2024-05-25 14:00:22,802 - INFO - ====== WebDriver manager ======
2024-05-25 14:00:24,718 - INFO - Get LATEST chromedriver version for google-chrome
2024-05-25 14:00:25,057 - INFO - Get LATEST chromedriver version for google-chrome
2024-05-25 14:00:25,363 - INFO - Driver [C:\Users\krant\.wdm\drivers\chromedriver\win64\125.0.6422.78\chromedriver-win32/chromedriver.exe] found in cache
2024-05-25 14:00:31,538 - INFO - Page Load Time: 0.029241085052490234 seconds
2024-05-25 14:03:52,110 - INFO - HTTP Response Code: 200
2024-05-25 14:03:52,112 - INFO - Response Time: 21.792041 seconds
2024-05-25 14:03:52,112 - INFO - ====== WebDriver manager ======
2024-05-25 14:03:54,147 - INFO - Get LATEST chromedriver version for google-chrome
2024-05-25 14:03:54,568 - INFO - Get LATEST chromedriver version for google-chrome
2024-05-25 14:03:54,875 - INFO - Driver [C:\Users\krant\.wdm\drivers\chromedriver\win64\125.0.6422.78\chromedriver-win32/chromedriver.exe] found in cache
2024-05-25 14:04:01,149 - INFO - Page Load Time: 0.02693009376525879 seconds
2024-05-25 14:06:46,291 - INFO - HTTP Response Code: 200
2024-05-25 14:06:46,292 - INFO - Response Time: 22.896527 seconds
2024-05-25 14:06:46,292 - INFO - ====== WebDriver manager ======
2024-05-25 14:06:48,340 - INFO - Get LATEST chromedriver version for google-chrome
2024-05-25 14:06:48,751 - INFO - Get LATEST chromedriver version for google-chrome
2024-05-25 14:06:49,061 - INFO - Driver [C:\Users\krant\.wdm\drivers\chromedriver\win64\125.0.6422.78\chromedriver-win32/chromedriver.exe] found in cache
2024-05-25 14:06:55,609 - INFO - Page Load Time: 0.020460128784179688 seconds
2024-05-25 14:14:06,309 - INFO - HTTP Response Code: 200
2024-05-25 14:14:06,310 - INFO - Response Time: 21.96831 seconds
2024-05-25 14:14:06,310 - INFO - ====== WebDriver manager ======
2024-05-25 14:14:08,145 - INFO - Get LATEST chromedriver version for google-chrome
2024-05-25 14:14:08,459 - INFO - Get LATEST chromedriver version for google-chrome
2024-05-25 14:14:08,769 - INFO - Driver [C:\Users\krant\.wdm\drivers\chromedriver\win64\125.0.6422.78\chromedriver-win32/chromedriver.exe] found in cache
2024-05-25 14:14:14,165 - INFO - Page Load Time: 3.1169180870056152 seconds
2024-05-25 14:32:44,175 - INFO - HTTP Response Code: 200
2024-05-25 14:32:44,177 - INFO - Response Time: 22.17687 seconds
2024-05-25 14:32:44,178 - INFO - ====== WebDriver manager ======
2024-05-25 14:32:45,928 - INFO - Get LATEST chromedriver version for google-chrome
2024-05-25 14:32:46,320 - INFO - Get LATEST chromedriver version for google-chrome
2024-05-25 14:32:47,295 - INFO - Driver [C:\Users\krant\.wdm\drivers\chromedriver\win64\125.0.6422.78\chromedriver-win32/chromedriver.exe] found in cache
2024-05-25 14:32:53,771 - INFO - Page Load Time: 0.044988155364990234 seconds
2024-05-25 14:34:40,599 - INFO - HTTP Response Code: 200
2024-05-25 14:34:40,600 - INFO - Response Time: 22.297521 seconds
2024-05-25 14:34:40,600 - INFO - ====== WebDriver manager ======
2024-05-25 14:34:42,255 - INFO - Get LATEST chromedriver version for google-chrome
2024-05-25 15:44:19,488 - INFO - HTTP Response Code: 200
2024-05-25 15:44:19,489 - INFO - Response Time: 21.953208 seconds
2024-05-25 15:44:19,490 - INFO - ====== WebDriver manager ======
2024-05-25 15:44:20,758 - INFO - Get LATEST chromedriver version for google-chrome
2024-05-25 15:44:21,224 - INFO - Get LATEST chromedriver version for google-chrome
2024-05-25 15:44:21,557 - INFO - Driver [C:\Users\krant\.wdm\drivers\chromedriver\win64\125.0.6422.78\chromedriver-win32/chromedriver.exe] found in cache
2024-05-25 15:44:28,663 - INFO - Page Load Time: 0.04387664794921875 seconds
2024-05-25 15:47:28,480 - INFO - HTTP Response Code: 200
2024-05-25 15:47:28,480 - INFO - Response Time: 22.129742 seconds
2024-05-25 15:47:28,481 - INFO - ====== WebDriver manager ======
2024-05-25 15:47:30,313 - INFO - Get LATEST chromedriver version for google-chrome
2024-05-25 15:47:30,719 - INFO - Get LATEST chromedriver version for google-chrome
2024-05-25 15:47:31,154 - INFO - Driver [C:\Users\krant\.wdm\drivers\chromedriver\win64\125.0.6422.78\chromedriver-win32/chromedriver.exe] found in cache
2024-05-25 15:47:37,134 - INFO - Page Load Time: 0.06086421012878418 seconds
2024-05-25 15:49:03,135 - INFO - HTTP Response Code: 200
2024-05-25 15:49:03,136 - INFO - Response Time: 21.638781 seconds
2024-05-25 15:49:03,136 - INFO - ====== WebDriver manager ======
2024-05-25 15:49:05,131 - INFO - Get LATEST chromedriver version for google-chrome
2024-05-25 15:49:05,491 - INFO - Get LATEST chromedriver version for google-chrome
2024-05-25 15:49:05,807 - INFO - Driver [C:\Users\krant\.wdm\drivers\chromedriver\win64\125.0.6422.78\chromedriver-win32/chromedriver.exe] found in cache
2024-05-25 15:49:11,846 - INFO - Page Load Time: 3.667480707168579 seconds
2024-05-25 15:50:04,384 - INFO - HTTP Response Code: 200
2024-05-25 15:50:04,384 - INFO - Response Time: 21.7245 seconds
2024-05-25 15:50:04,384 - INFO - ====== WebDriver manager ======
2024-05-25 15:50:05,820 - INFO - Get LATEST chromedriver version for google-chrome
2024-05-25 15:50:06,113 - INFO - Get LATEST chromedriver version for google-chrome
2024-05-25 15:50:06,420 - INFO - Driver [C:\Users\krant\.wdm\drivers\chromedriver\win64\125.0.6422.78\chromedriver-win32/chromedriver.exe] found in cache
2024-05-25 15:50:12,571 - INFO - Page Load Time: 0.045003414154052734 seconds
2024-05-25 15:53:11,868 - INFO - HTTP Response Code: 200
2024-05-25 15:53:11,868 - INFO - Response Time: 21.792829 seconds
2024-05-25 15:53:11,868 - INFO - ====== WebDriver manager ======
2024-05-25 15:53:13,212 - INFO - Get LATEST chromedriver version for google-chrome
2024-05-25 15:53:13,710 - INFO - Get LATEST chromedriver version for google-chrome
2024-05-25 15:53:14,019 - INFO - Driver [C:\Users\krant\.wdm\drivers\chromedriver\win64\125.0.6422.78\chromedriver-win32/chromedriver.exe] found in cache
2024-05-25 15:53:20,222 - INFO - Page Load Time: 3.842285633087158 seconds
2024-05-25 15:56:13,014 - INFO - HTTP Response Code: 200
2024-05-25 15:56:13,014 - INFO - Response Time: 21.70958 seconds
2024-05-25 15:56:13,015 - INFO - ====== WebDriver manager ======
2024-05-25 15:56:14,961 - INFO - Get LATEST chromedriver version for google-chrome
2024-05-25 15:56:15,368 - INFO - Get LATEST chromedriver version for google-chrome
2024-05-25 15:56:15,781 - INFO - Driver [C:\Users\krant\.wdm\drivers\chromedriver\win64\125.0.6422.78\chromedriver-win32/chromedriver.exe] found in cache
2024-05-25 15:56:22,457 - INFO - Page Load Time: 0.018120288848876953 seconds
2024-05-25 15:56:30,161 - INFO - New Page URL: https://atg.party/article
2024-05-25 16:01:48,479 - INFO - HTTP Response Code: 200
2024-05-25 16:01:48,479 - INFO - Response Time: 21.883249 seconds
2024-05-25 16:01:48,479 - INFO - ====== WebDriver manager ======
2024-05-25 16:01:50,207 - INFO - Get LATEST chromedriver version for google-chrome
2024-05-25 16:01:50,526 - INFO - Get LATEST chromedriver version for google-chrome
2024-05-25 16:01:50,839 - INFO - Driver [C:\Users\krant\.wdm\drivers\chromedriver\win64\125.0.6422.78\chromedriver-win32/chromedriver.exe] found in cache
2024-05-25 16:01:56,783 - INFO - Page Load Time: 0.013962030410766602 seconds
2024-05-25 16:06:26,906 - INFO - HTTP Response Code: 200
2024-05-25 16:06:26,906 - INFO - Response Time: 21.963792 seconds
2024-05-25 16:06:26,906 - INFO - ====== WebDriver manager ======
2024-05-25 16:06:28,447 - INFO - Get LATEST chromedriver version for google-chrome
2024-05-25 16:06:28,752 - INFO - Get LATEST chromedriver version for google-chrome
2024-05-25 16:06:29,061 - INFO - Driver [C:\Users\krant\.wdm\drivers\chromedriver\win64\125.0.6422.78\chromedriver-win32/chromedriver.exe] found in cache
2024-05-25 16:06:35,433 - INFO - Page Load Time: 0.06410598754882812 seconds
2024-05-25 16:06:43,163 - INFO - New Page URL: https://atg.party/article
2024-05-25 18:10:57,908 - INFO - HTTP Response Code: 200
2024-05-25 18:10:57,908 - INFO - Response Time: 22.70246 seconds
2024-05-25 18:10:57,910 - INFO - ====== WebDriver manager ======
2024-05-25 18:10:59,664 - INFO - Get LATEST chromedriver version for google-chrome
2024-05-25 18:11:00,421 - INFO - Get LATEST chromedriver version for google-chrome
2024-05-25 18:11:01,086 - INFO - Driver [C:\Users\krant\.wdm\drivers\chromedriver\win64\125.0.6422.78\chromedriver-win32/chromedriver.exe] found in cache
2024-05-25 18:11:08,262 - INFO - Page Load Time: 0.016997814178466797 seconds
2024-05-25 18:19:29,838 - INFO - HTTP Response Code: 200
2024-05-25 18:19:29,840 - INFO - Response Time: 22.00661 seconds
2024-05-25 18:19:29,840 - INFO - ====== WebDriver manager ======
2024-05-25 18:19:31,689 - INFO - Get LATEST chromedriver version for google-chrome
2024-05-25 18:19:32,370 - INFO - Get LATEST chromedriver version for google-chrome
2024-05-25 18:19:33,090 - INFO - Driver [C:\Users\krant\.wdm\drivers\chromedriver\win64\125.0.6422.78\chromedriver-win32/chromedriver.exe] found in cache
2024-05-25 18:19:39,435 - INFO - Page Load Time: 0.030010461807250977 seconds
2024-05-25 18:21:39,085 - INFO - HTTP Response Code: 200
2024-05-25 18:21:39,086 - INFO - Response Time: 21.832657 seconds
2024-05-25 18:21:39,086 - INFO - ====== WebDriver manager ======
2024-05-25 18:21:40,650 - INFO - Get LATEST chromedriver version for google-chrome
2024-05-25 18:21:41,341 - INFO - Get LATEST chromedriver version for google-chrome
2024-05-25 18:21:41,956 - INFO - Driver [C:\Users\krant\.wdm\drivers\chromedriver\win64\125.0.6422.78\chromedriver-win32/chromedriver.exe] found in cache
2024-05-25 18:21:46,965 - INFO - Page Load Time: 0.021997690200805664 seconds
2024-05-25 18:26:06,558 - INFO - HTTP Response Code: 200
2024-05-25 18:26:06,559 - INFO - Response Time: 22.732365 seconds
2024-05-25 18:26:06,559 - INFO - ====== WebDriver manager ======
2024-05-25 18:26:08,361 - INFO - Get LATEST chromedriver version for google-chrome
2024-05-25 18:26:09,014 - INFO - Get LATEST chromedriver version for google-chrome
2024-05-25 18:26:09,630 - INFO - Driver [C:\Users\krant\.wdm\drivers\chromedriver\win64\125.0.6422.78\chromedriver-win32/chromedriver.exe] found in cache
2024-05-25 18:26:15,443 - INFO - Page Load Time: 0.020867109298706055 seconds
2024-05-25 18:29:48,975 - INFO - HTTP Response Code: 200
2024-05-25 18:29:48,975 - INFO - Response Time: 21.888991 seconds
2024-05-25 18:29:48,975 - INFO - ====== WebDriver manager ======
2024-05-25 18:29:50,701 - INFO - Get LATEST chromedriver version for google-chrome
2024-05-25 18:29:51,328 - INFO - Get LATEST chromedriver version for google-chrome
2024-05-25 18:29:52,046 - INFO - Driver [C:\Users\krant\.wdm\drivers\chromedriver\win64\125.0.6422.78\chromedriver-win32/chromedriver.exe] found in cache
2024-05-25 18:29:57,843 - INFO - Page Load Time: 0.014000177383422852 seconds
2024-05-25 18:31:01,162 - INFO - HTTP Response Code: 200
2024-05-25 18:31:01,162 - INFO - Response Time: 21.886744 seconds
2024-05-25 18:31:01,163 - INFO - ====== WebDriver manager ======
2024-05-25 18:31:02,960 - INFO - Get LATEST chromedriver version for google-chrome
2024-05-25 18:31:03,518 - INFO - Get LATEST chromedriver version for google-chrome
2024-05-25 18:31:04,136 - INFO - Driver [C:\Users\krant\.wdm\drivers\chromedriver\win64\125.0.6422.78\chromedriver-win32/chromedriver.exe] found in cache
2024-05-25 18:31:09,732 - INFO - Page Load Time: 0.0339970588684082 seconds
2024-05-25 18:31:16,874 - INFO - New Page URL: https://atg.party/article
2024-05-25 18:32:11,860 - INFO - HTTP Response Code: 200
2024-05-25 18:32:11,861 - INFO - Response Time: 21.741456 seconds
2024-05-25 18:32:11,861 - INFO - ====== WebDriver manager ======
2024-05-25 18:32:13,529 - INFO - Get LATEST chromedriver version for google-chrome
2024-05-25 18:32:14,176 - INFO - Get LATEST chromedriver version for google-chrome
2024-05-25 18:32:14,790 - INFO - Driver [C:\Users\krant\.wdm\drivers\chromedriver\win64\125.0.6422.78\chromedriver-win32/chromedriver.exe] found in cache
2024-05-25 18:32:19,631 - INFO - Page Load Time: 0.0219266414642334 seconds
2024-05-25 18:32:26,905 - INFO - New Page URL: https://atg.party/article
2024-05-25 18:34:17,874 - INFO - HTTP Response Code: 200
2024-05-25 18:34:17,875 - INFO - Response Time: 21.916745 seconds
2024-05-25 18:34:17,875 - INFO - ====== WebDriver manager ======
2024-05-25 18:34:19,380 - INFO - Get LATEST chromedriver version for google-chrome
2024-05-25 18:34:20,230 - INFO - Get LATEST chromedriver version for google-chrome
2024-05-25 18:34:20,847 - INFO - Driver [C:\Users\krant\.wdm\drivers\chromedriver\win64\125.0.6422.78\chromedriver-win32/chromedriver.exe] found in cache
2024-05-25 18:34:27,099 - INFO - Page Load Time: 0.04399681091308594 seconds
2024-05-25 18:34:35,333 - INFO - New Page URL: https://atg.party/article
2024-05-25 18:36:47,277 - INFO - HTTP Response Code: 200
2024-05-25 18:36:47,278 - INFO - Response Time: 22.180599 seconds
2024-05-25 18:36:47,278 - INFO - ====== WebDriver manager ======
2024-05-25 18:36:49,729 - INFO - Get LATEST chromedriver version for google-chrome
2024-05-25 18:36:50,462 - INFO - Get LATEST chromedriver version for google-chrome
2024-05-25 18:36:51,073 - INFO - Driver [C:\Users\krant\.wdm\drivers\chromedriver\win64\125.0.6422.78\chromedriver-win32/chromedriver.exe] found in cache
2024-05-25 18:36:56,460 - INFO - Page Load Time: 0.019977331161499023 seconds
2024-05-25 18:37:08,070 - INFO - New Page URL: https://atg.party/view-article/74242/python-automation-in-web-development?r=83
2024-05-25 18:39:42,281 - INFO - HTTP Response Code: 200
2024-05-25 18:39:42,281 - INFO - Response Time: 21.937479 seconds
2024-05-25 18:39:42,281 - INFO - ====== WebDriver manager ======
2024-05-25 18:39:43,966 - INFO - Get LATEST chromedriver version for google-chrome
2024-05-25 18:39:44,533 - INFO - Get LATEST chromedriver version for google-chrome
2024-05-25 18:39:45,152 - INFO - Driver [C:\Users\krant\.wdm\drivers\chromedriver\win64\125.0.6422.78\chromedriver-win32/chromedriver.exe] found in cache
2024-05-25 18:39:50,921 - INFO - Page Load Time: 2.8596935272216797 seconds
2024-05-25 18:40:23,124 - INFO - New Page URL: https://atg.party/view-article/74244/python-automation-in-web-development?r=83
